[error] Failed to fetch Firebase Project from Studio Workspace because WORKSPACE_SLUG environment variable is empty
[error] Failed to fetch Firebase Project from Studio Workspace because WORKSPACE_SLUG environment variable is empty
[debug] [2026-01-17T14:44:48.097Z] > command requires scopes: ["email","openid","https://www.googleapis.com/auth/cloudplatformprojects.readonly","https://www.googleapis.com/auth/firebase","https://www.googleapis.com/auth/cloud-platform","https://www.googleapis.com/auth/userinfo.email"]
[debug] [2026-01-17T14:44:48.098Z] > authorizing via signed-in user (prajithrnair@gmail.com)
[debug] [2026-01-17T14:44:48.099Z] Checked if tokens are valid: false, expires at: 1768071469376
[debug] [2026-01-17T14:44:48.099Z] Checked if tokens are valid: false, expires at: 1768071469376
[debug] [2026-01-17T14:44:48.100Z] > refreshing access token with scopes: []
[debug] [2026-01-17T14:44:48.102Z] >>> [apiv2][query] POST https://www.googleapis.com/oauth2/v3/token [none]
[debug] [2026-01-17T14:44:48.103Z] >>> [apiv2][body] POST https://www.googleapis.com/oauth2/v3/token [omitted]
[debug] [2026-01-17T14:44:48.151Z] <<< [apiv2][status] POST https://www.googleapis.com/oauth2/v3/token 200
[debug] [2026-01-17T14:44:48.151Z] <<< [apiv2][body] POST https://www.googleapis.com/oauth2/v3/token [omitted]
[debug] [2026-01-17T14:44:48.198Z] >>> [apiv2][query] GET https://cloudbilling.googleapis.com/v1/projects/team-kit-manager/billingInfo [none]
[debug] [2026-01-17T14:44:48.484Z] <<< [apiv2][status] GET https://cloudbilling.googleapis.com/v1/projects/team-kit-manager/billingInfo 200
[debug] [2026-01-17T14:44:48.484Z] <<< [apiv2][body] GET https://cloudbilling.googleapis.com/v1/projects/team-kit-manager/billingInfo {"name":"projects/team-kit-manager/billingInfo","projectId":"team-kit-manager","billingAccountName":"billingAccounts/019C11-CD5475-21F71D","billingEnabled":true}
[debug] [2026-01-17T14:44:48.492Z] Checked if tokens are valid: true, expires at: 1768664687152
[debug] [2026-01-17T14:44:48.492Z] Checked if tokens are valid: true, expires at: 1768664687152
[debug] [2026-01-17T14:44:48.493Z] Checked if tokens are valid: true, expires at: 1768664687152
[debug] [2026-01-17T14:44:48.493Z] Checked if tokens are valid: true, expires at: 1768664687152
[debug] [2026-01-17T14:44:48.506Z] >>> [apiv2][query] GET https://serviceusage.googleapis.com/v1/projects/team-kit-manager/services/firebasedataconnect.googleapis.com [none]
[debug] [2026-01-17T14:44:48.507Z] >>> [apiv2][(partial)header] GET https://serviceusage.googleapis.com/v1/projects/team-kit-manager/services/firebasedataconnect.googleapis.com x-goog-quota-user=projects/team-kit-manager
[debug] [2026-01-17T14:44:48.508Z] >>> [apiv2][query] GET https://serviceusage.googleapis.com/v1/projects/team-kit-manager/services/cloudfunctions.googleapis.com [none]
[debug] [2026-01-17T14:44:48.508Z] >>> [apiv2][(partial)header] GET https://serviceusage.googleapis.com/v1/projects/team-kit-manager/services/cloudfunctions.googleapis.com x-goog-quota-user=projects/team-kit-manager
[debug] [2026-01-17T14:44:49.481Z] <<< [apiv2][status] GET https://serviceusage.googleapis.com/v1/projects/team-kit-manager/services/firebasedataconnect.googleapis.com 200
[debug] [2026-01-17T14:44:49.481Z] <<< [apiv2][body] GET https://serviceusage.googleapis.com/v1/projects/team-kit-manager/services/firebasedataconnect.googleapis.com [omitted]
[debug] [2026-01-17T14:44:49.488Z] <<< [apiv2][status] GET https://serviceusage.googleapis.com/v1/projects/team-kit-manager/services/cloudfunctions.googleapis.com 200
[debug] [2026-01-17T14:44:49.488Z] <<< [apiv2][body] GET https://serviceusage.googleapis.com/v1/projects/team-kit-manager/services/cloudfunctions.googleapis.com [omitted]
[error] Failed to fetch Firebase Project from Studio Workspace because WORKSPACE_SLUG environment variable is empty
[error] Failed to fetch Firebase Project from Studio Workspace because WORKSPACE_SLUG environment variable is empty
[error] Failed to fetch Firebase Project from Studio Workspace because WORKSPACE_SLUG environment variable is empty
[debug] [2026-01-17T14:44:49.512Z] > command requires scopes: ["email","openid","https://www.googleapis.com/auth/cloudplatformprojects.readonly","https://www.googleapis.com/auth/firebase","https://www.googleapis.com/auth/cloud-platform","https://www.googleapis.com/auth/userinfo.email"]
[debug] [2026-01-17T14:44:49.512Z] > authorizing via signed-in user (prajithrnair@gmail.com)
[debug] [2026-01-17T14:44:49.513Z] Checked if tokens are valid: true, expires at: 1768664687152
[debug] [2026-01-17T14:44:49.513Z] Checked if tokens are valid: true, expires at: 1768664687152
[debug] [2026-01-17T14:44:49.513Z] >>> [apiv2][query] GET https://cloudbilling.googleapis.com/v1/projects/team-kit-manager/billingInfo [none]
[debug] [2026-01-17T14:44:49.697Z] <<< [apiv2][status] GET https://cloudbilling.googleapis.com/v1/projects/team-kit-manager/billingInfo 200
[debug] [2026-01-17T14:44:49.697Z] <<< [apiv2][body] GET https://cloudbilling.googleapis.com/v1/projects/team-kit-manager/billingInfo {"name":"projects/team-kit-manager/billingInfo","projectId":"team-kit-manager","billingAccountName":"billingAccounts/019C11-CD5475-21F71D","billingEnabled":true}
[error] Failed to fetch Firebase Project from Studio Workspace because WORKSPACE_SLUG environment variable is empty
[debug] [2026-01-17T14:44:49.699Z] > command requires scopes: ["email","openid","https://www.googleapis.com/auth/cloudplatformprojects.readonly","https://www.googleapis.com/auth/firebase","https://www.googleapis.com/auth/cloud-platform","https://www.googleapis.com/auth/userinfo.email"]
[debug] [2026-01-17T14:44:49.699Z] > authorizing via signed-in user (prajithrnair@gmail.com)
[error] Failed to fetch Firebase Project from Studio Workspace because WORKSPACE_SLUG environment variable is empty
[error] Failed to fetch Firebase Project from Studio Workspace because WORKSPACE_SLUG environment variable is empty
[error] Failed to fetch Firebase Project from Studio Workspace because WORKSPACE_SLUG environment variable is empty
[error] Failed to fetch Firebase Project from Studio Workspace because WORKSPACE_SLUG environment variable is empty
[debug] [2026-01-17T14:44:49.733Z] > command requires scopes: ["email","openid","https://www.googleapis.com/auth/cloudplatformprojects.readonly","https://www.googleapis.com/auth/firebase","https://www.googleapis.com/auth/cloud-platform","https://www.googleapis.com/auth/userinfo.email"]
[debug] [2026-01-17T14:44:49.734Z] > authorizing via signed-in user (prajithrnair@gmail.com)
[debug] [2026-01-17T14:44:49.734Z] Checked if tokens are valid: true, expires at: 1768664687152
[debug] [2026-01-17T14:44:49.734Z] Checked if tokens are valid: true, expires at: 1768664687152
[debug] [2026-01-17T14:44:49.734Z] >>> [apiv2][query] GET https://cloudbilling.googleapis.com/v1/projects/team-kit-manager/billingInfo [none]
[error] Failed to fetch Firebase Project from Studio Workspace because WORKSPACE_SLUG environment variable is empty
[error] Failed to fetch Firebase Project from Studio Workspace because WORKSPACE_SLUG environment variable is empty
[debug] [2026-01-17T14:44:49.829Z] > command requires scopes: ["email","openid","https://www.googleapis.com/auth/cloudplatformprojects.readonly","https://www.googleapis.com/auth/firebase","https://www.googleapis.com/auth/cloud-platform","https://www.googleapis.com/auth/userinfo.email"]
[debug] [2026-01-17T14:44:49.829Z] > authorizing via signed-in user (prajithrnair@gmail.com)
[debug] [2026-01-17T14:44:49.829Z] Checked if tokens are valid: true, expires at: 1768664687152
[debug] [2026-01-17T14:44:49.829Z] Checked if tokens are valid: true, expires at: 1768664687152
[debug] [2026-01-17T14:44:49.829Z] >>> [apiv2][query] GET https://cloudbilling.googleapis.com/v1/projects/team-kit-manager/billingInfo [none]
[debug] [2026-01-17T14:44:50.177Z] <<< [apiv2][status] GET https://cloudbilling.googleapis.com/v1/projects/team-kit-manager/billingInfo 200
[debug] [2026-01-17T14:44:50.177Z] <<< [apiv2][body] GET https://cloudbilling.googleapis.com/v1/projects/team-kit-manager/billingInfo {"name":"projects/team-kit-manager/billingInfo","projectId":"team-kit-manager","billingAccountName":"billingAccounts/019C11-CD5475-21F71D","billingEnabled":true}
[error] Failed to fetch Firebase Project from Studio Workspace because WORKSPACE_SLUG environment variable is empty
[debug] [2026-01-17T14:44:50.179Z] > command requires scopes: ["email","openid","https://www.googleapis.com/auth/cloudplatformprojects.readonly","https://www.googleapis.com/auth/firebase","https://www.googleapis.com/auth/cloud-platform","https://www.googleapis.com/auth/userinfo.email"]
[debug] [2026-01-17T14:44:50.179Z] > authorizing via signed-in user (prajithrnair@gmail.com)
[debug] [2026-01-17T14:44:50.329Z] <<< [apiv2][status] GET https://cloudbilling.googleapis.com/v1/projects/team-kit-manager/billingInfo 200
[debug] [2026-01-17T14:44:50.329Z] <<< [apiv2][body] GET https://cloudbilling.googleapis.com/v1/projects/team-kit-manager/billingInfo {"name":"projects/team-kit-manager/billingInfo","projectId":"team-kit-manager","billingAccountName":"billingAccounts/019C11-CD5475-21F71D","billingEnabled":true}
[error] Failed to fetch Firebase Project from Studio Workspace because WORKSPACE_SLUG environment variable is empty
[debug] [2026-01-17T14:44:50.331Z] > command requires scopes: ["email","openid","https://www.googleapis.com/auth/cloudplatformprojects.readonly","https://www.googleapis.com/auth/firebase","https://www.googleapis.com/auth/cloud-platform","https://www.googleapis.com/auth/userinfo.email"]
[debug] [2026-01-17T14:44:50.331Z] > authorizing via signed-in user (prajithrnair@gmail.com)
[error] Failed to fetch Firebase Project from Studio Workspace because WORKSPACE_SLUG environment variable is empty
[error] Failed to fetch Firebase Project from Studio Workspace because WORKSPACE_SLUG environment variable is empty
[error] Failed to fetch Firebase Project from Studio Workspace because WORKSPACE_SLUG environment variable is empty
[debug] [2026-01-17T14:45:13.178Z] > command requires scopes: ["email","openid","https://www.googleapis.com/auth/cloudplatformprojects.readonly","https://www.googleapis.com/auth/firebase","https://www.googleapis.com/auth/cloud-platform","https://www.googleapis.com/auth/userinfo.email"]
[debug] [2026-01-17T14:45:13.179Z] > authorizing via signed-in user (prajithrnair@gmail.com)
[debug] [2026-01-17T14:45:13.179Z] Checked if tokens are valid: true, expires at: 1768664687152
[debug] [2026-01-17T14:45:13.179Z] Checked if tokens are valid: true, expires at: 1768664687152
[debug] [2026-01-17T14:45:13.179Z] >>> [apiv2][query] GET https://cloudbilling.googleapis.com/v1/projects/team-kit-manager/billingInfo [none]
[debug] [2026-01-17T14:45:13.450Z] <<< [apiv2][status] GET https://cloudbilling.googleapis.com/v1/projects/team-kit-manager/billingInfo 200
[debug] [2026-01-17T14:45:13.450Z] <<< [apiv2][body] GET https://cloudbilling.googleapis.com/v1/projects/team-kit-manager/billingInfo {"name":"projects/team-kit-manager/billingInfo","projectId":"team-kit-manager","billingAccountName":"billingAccounts/019C11-CD5475-21F71D","billingEnabled":true}
[error] Failed to fetch Firebase Project from Studio Workspace because WORKSPACE_SLUG environment variable is empty
[debug] [2026-01-17T14:45:13.457Z] > command requires scopes: ["email","openid","https://www.googleapis.com/auth/cloudplatformprojects.readonly","https://www.googleapis.com/auth/firebase","https://www.googleapis.com/auth/cloud-platform","https://www.googleapis.com/auth/userinfo.email"]
[debug] [2026-01-17T14:45:13.457Z] > authorizing via signed-in user (prajithrnair@gmail.com)
[error] Failed to fetch Firebase Project from Studio Workspace because WORKSPACE_SLUG environment variable is empty
[error] Failed to fetch Firebase Project from Studio Workspace because WORKSPACE_SLUG environment variable is empty
[error] Failed to fetch Firebase Project from Studio Workspace because WORKSPACE_SLUG environment variable is empty
[error] Failed to fetch Firebase Project from Studio Workspace because WORKSPACE_SLUG environment variable is empty
[debug] [2026-01-17T14:45:13.488Z] > command requires scopes: ["email","openid","https://www.googleapis.com/auth/cloudplatformprojects.readonly","https://www.googleapis.com/auth/firebase","https://www.googleapis.com/auth/cloud-platform","https://www.googleapis.com/auth/userinfo.email"]
[debug] [2026-01-17T14:45:13.488Z] > authorizing via signed-in user (prajithrnair@gmail.com)
[debug] [2026-01-17T14:45:13.488Z] Checked if tokens are valid: true, expires at: 1768664687152
[debug] [2026-01-17T14:45:13.488Z] Checked if tokens are valid: true, expires at: 1768664687152
[debug] [2026-01-17T14:45:13.488Z] >>> [apiv2][query] GET https://cloudbilling.googleapis.com/v1/projects/team-kit-manager/billingInfo [none]
[error] Failed to fetch Firebase Project from Studio Workspace because WORKSPACE_SLUG environment variable is empty
[error] Failed to fetch Firebase Project from Studio Workspace because WORKSPACE_SLUG environment variable is empty
[debug] [2026-01-17T14:45:13.580Z] > command requires scopes: ["email","openid","https://www.googleapis.com/auth/cloudplatformprojects.readonly","https://www.googleapis.com/auth/firebase","https://www.googleapis.com/auth/cloud-platform","https://www.googleapis.com/auth/userinfo.email"]
[debug] [2026-01-17T14:45:13.580Z] > authorizing via signed-in user (prajithrnair@gmail.com)
[debug] [2026-01-17T14:45:13.581Z] Checked if tokens are valid: true, expires at: 1768664687152
[debug] [2026-01-17T14:45:13.581Z] Checked if tokens are valid: true, expires at: 1768664687152
[debug] [2026-01-17T14:45:13.581Z] >>> [apiv2][query] GET https://cloudbilling.googleapis.com/v1/projects/team-kit-manager/billingInfo [none]
[debug] [2026-01-17T14:45:13.646Z] <<< [apiv2][status] GET https://cloudbilling.googleapis.com/v1/projects/team-kit-manager/billingInfo 200
[debug] [2026-01-17T14:45:13.646Z] <<< [apiv2][body] GET https://cloudbilling.googleapis.com/v1/projects/team-kit-manager/billingInfo {"name":"projects/team-kit-manager/billingInfo","projectId":"team-kit-manager","billingAccountName":"billingAccounts/019C11-CD5475-21F71D","billingEnabled":true}
[error] Failed to fetch Firebase Project from Studio Workspace because WORKSPACE_SLUG environment variable is empty
[debug] [2026-01-17T14:45:13.647Z] > command requires scopes: ["email","openid","https://www.googleapis.com/auth/cloudplatformprojects.readonly","https://www.googleapis.com/auth/firebase","https://www.googleapis.com/auth/cloud-platform","https://www.googleapis.com/auth/userinfo.email"]
[debug] [2026-01-17T14:45:13.647Z] > authorizing via signed-in user (prajithrnair@gmail.com)
[debug] [2026-01-17T14:45:13.760Z] <<< [apiv2][status] GET https://cloudbilling.googleapis.com/v1/projects/team-kit-manager/billingInfo 200
[debug] [2026-01-17T14:45:13.760Z] <<< [apiv2][body] GET https://cloudbilling.googleapis.com/v1/projects/team-kit-manager/billingInfo {"name":"projects/team-kit-manager/billingInfo","projectId":"team-kit-manager","billingAccountName":"billingAccounts/019C11-CD5475-21F71D","billingEnabled":true}
[error] Failed to fetch Firebase Project from Studio Workspace because WORKSPACE_SLUG environment variable is empty
[debug] [2026-01-17T14:45:13.761Z] > command requires scopes: ["email","openid","https://www.googleapis.com/auth/cloudplatformprojects.readonly","https://www.googleapis.com/auth/firebase","https://www.googleapis.com/auth/cloud-platform","https://www.googleapis.com/auth/userinfo.email"]
[debug] [2026-01-17T14:45:13.761Z] > authorizing via signed-in user (prajithrnair@gmail.com)
[error] Failed to fetch Firebase Project from Studio Workspace because WORKSPACE_SLUG environment variable is empty
[error] Failed to fetch Firebase Project from Studio Workspace because WORKSPACE_SLUG environment variable is empty
[debug] [2026-02-07T10:53:23.658Z] > command requires scopes: ["email","openid","https://www.googleapis.com/auth/cloudplatformprojects.readonly","https://www.googleapis.com/auth/firebase","https://www.googleapis.com/auth/cloud-platform","https://www.googleapis.com/auth/userinfo.email"]
[debug] [2026-02-07T10:53:23.659Z] > authorizing via signed-in user (prajithrnair@gmail.com)
[debug] [2026-02-07T10:53:23.660Z] Checked if tokens are valid: false, expires at: 1768664687152
[debug] [2026-02-07T10:53:23.660Z] Checked if tokens are valid: false, expires at: 1768664687152
[debug] [2026-02-07T10:53:23.661Z] > refreshing access token with scopes: []
[debug] [2026-02-07T10:53:23.663Z] >>> [apiv2][query] POST https://www.googleapis.com/oauth2/v3/token [none]
[debug] [2026-02-07T10:53:23.663Z] >>> [apiv2][body] POST https://www.googleapis.com/oauth2/v3/token [omitted]
[debug] [2026-02-07T10:53:23.698Z] <<< [apiv2][status] POST https://www.googleapis.com/oauth2/v3/token 200
[debug] [2026-02-07T10:53:23.699Z] <<< [apiv2][body] POST https://www.googleapis.com/oauth2/v3/token [omitted]
[debug] [2026-02-07T10:53:23.721Z] >>> [apiv2][query] GET https://cloudbilling.googleapis.com/v1/projects/team-kit-manager/billingInfo [none]
[debug] [2026-02-07T10:53:24.386Z] <<< [apiv2][status] GET https://cloudbilling.googleapis.com/v1/projects/team-kit-manager/billingInfo 200
[debug] [2026-02-07T10:53:24.387Z] <<< [apiv2][body] GET https://cloudbilling.googleapis.com/v1/projects/team-kit-manager/billingInfo {"name":"projects/team-kit-manager/billingInfo","projectId":"team-kit-manager","billingAccountName":"billingAccounts/019C11-CD5475-21F71D","billingEnabled":true}
[debug] [2026-02-07T10:53:24.392Z] Checked if tokens are valid: true, expires at: 1770465202699
[debug] [2026-02-07T10:53:24.393Z] Checked if tokens are valid: true, expires at: 1770465202699
[debug] [2026-02-07T10:53:24.393Z] Checked if tokens are valid: true, expires at: 1770465202699
[debug] [2026-02-07T10:53:24.393Z] Checked if tokens are valid: true, expires at: 1770465202699
[debug] [2026-02-07T10:53:24.405Z] >>> [apiv2][query] GET https://serviceusage.googleapis.com/v1/projects/team-kit-manager/services/firebasedataconnect.googleapis.com [none]
[debug] [2026-02-07T10:53:24.405Z] >>> [apiv2][(partial)header] GET https://serviceusage.googleapis.com/v1/projects/team-kit-manager/services/firebasedataconnect.googleapis.com  x-goog-user-project=team-kit-manager
[debug] [2026-02-07T10:53:24.406Z] >>> [apiv2][query] GET https://serviceusage.googleapis.com/v1/projects/team-kit-manager/services/cloudfunctions.googleapis.com [none]
[debug] [2026-02-07T10:53:24.406Z] >>> [apiv2][(partial)header] GET https://serviceusage.googleapis.com/v1/projects/team-kit-manager/services/cloudfunctions.googleapis.com  x-goog-user-project=team-kit-manager
[debug] [2026-02-07T10:53:25.215Z] <<< [apiv2][status] GET https://serviceusage.googleapis.com/v1/projects/team-kit-manager/services/firebasedataconnect.googleapis.com 200
[debug] [2026-02-07T10:53:25.215Z] <<< [apiv2][body] GET https://serviceusage.googleapis.com/v1/projects/team-kit-manager/services/firebasedataconnect.googleapis.com [omitted]
[debug] [2026-02-07T10:53:25.221Z] <<< [apiv2][status] GET https://serviceusage.googleapis.com/v1/projects/team-kit-manager/services/cloudfunctions.googleapis.com 200
[debug] [2026-02-07T10:53:25.221Z] <<< [apiv2][body] GET https://serviceusage.googleapis.com/v1/projects/team-kit-manager/services/cloudfunctions.googleapis.com [omitted]
[error] Failed to fetch Firebase Project from Studio Workspace because WORKSPACE_SLUG environment variable is empty
[error] Failed to fetch Firebase Project from Studio Workspace because WORKSPACE_SLUG environment variable is empty
[error] Failed to fetch Firebase Project from Studio Workspace because WORKSPACE_SLUG environment variable is empty
[debug] [2026-02-07T10:53:25.226Z] > command requires scopes: ["email","openid","https://www.googleapis.com/auth/cloudplatformprojects.readonly","https://www.googleapis.com/auth/firebase","https://www.googleapis.com/auth/cloud-platform","https://www.googleapis.com/auth/userinfo.email"]
[debug] [2026-02-07T10:53:25.226Z] > authorizing via signed-in user (prajithrnair@gmail.com)
[debug] [2026-02-07T10:53:25.226Z] Checked if tokens are valid: true, expires at: 1770465202699
[debug] [2026-02-07T10:53:25.226Z] Checked if tokens are valid: true, expires at: 1770465202699
[debug] [2026-02-07T10:53:25.227Z] >>> [apiv2][query] GET https://cloudbilling.googleapis.com/v1/projects/team-kit-manager/billingInfo [none]
[debug] [2026-02-07T10:53:25.377Z] <<< [apiv2][status] GET https://cloudbilling.googleapis.com/v1/projects/team-kit-manager/billingInfo 200
[debug] [2026-02-07T10:53:25.377Z] <<< [apiv2][body] GET https://cloudbilling.googleapis.com/v1/projects/team-kit-manager/billingInfo {"name":"projects/team-kit-manager/billingInfo","projectId":"team-kit-manager","billingAccountName":"billingAccounts/019C11-CD5475-21F71D","billingEnabled":true}
[error] Failed to fetch Firebase Project from Studio Workspace because WORKSPACE_SLUG environment variable is empty
[debug] [2026-02-07T10:53:25.378Z] > command requires scopes: ["email","openid","https://www.googleapis.com/auth/cloudplatformprojects.readonly","https://www.googleapis.com/auth/firebase","https://www.googleapis.com/auth/cloud-platform","https://www.googleapis.com/auth/userinfo.email"]
[debug] [2026-02-07T10:53:25.378Z] > authorizing via signed-in user (prajithrnair@gmail.com)
[error] Failed to fetch Firebase Project from Studio Workspace because WORKSPACE_SLUG environment variable is empty
[error] Failed to fetch Firebase Project from Studio Workspace because WORKSPACE_SLUG environment variable is empty
[error] Failed to fetch Firebase Project from Studio Workspace because WORKSPACE_SLUG environment variable is empty
[error] Failed to fetch Firebase Project from Studio Workspace because WORKSPACE_SLUG environment variable is empty
[debug] [2026-02-07T10:53:25.391Z] > command requires scopes: ["email","openid","https://www.googleapis.com/auth/cloudplatformprojects.readonly","https://www.googleapis.com/auth/firebase","https://www.googleapis.com/auth/cloud-platform","https://www.googleapis.com/auth/userinfo.email"]
[debug] [2026-02-07T10:53:25.391Z] > authorizing via signed-in user (prajithrnair@gmail.com)
[debug] [2026-02-07T10:53:25.392Z] Checked if tokens are valid: true, expires at: 1770465202699
[debug] [2026-02-07T10:53:25.392Z] Checked if tokens are valid: true, expires at: 1770465202699
[debug] [2026-02-07T10:53:25.392Z] >>> [apiv2][query] GET https://cloudbilling.googleapis.com/v1/projects/team-kit-manager/billingInfo [none]
[error] Failed to fetch Firebase Project from Studio Workspace because WORKSPACE_SLUG environment variable is empty
[error] Failed to fetch Firebase Project from Studio Workspace because WORKSPACE_SLUG environment variable is empty
[debug] [2026-02-07T10:53:25.407Z] > command requires scopes: ["email","openid","https://www.googleapis.com/auth/cloudplatformprojects.readonly","https://www.googleapis.com/auth/firebase","https://www.googleapis.com/auth/cloud-platform","https://www.googleapis.com/auth/userinfo.email"]
[debug] [2026-02-07T10:53:25.407Z] > authorizing via signed-in user (prajithrnair@gmail.com)
[debug] [2026-02-07T10:53:25.407Z] Checked if tokens are valid: true, expires at: 1770465202699
[debug] [2026-02-07T10:53:25.408Z] Checked if tokens are valid: true, expires at: 1770465202699
[debug] [2026-02-07T10:53:25.408Z] >>> [apiv2][query] GET https://cloudbilling.googleapis.com/v1/projects/team-kit-manager/billingInfo [none]
[debug] [2026-02-07T10:53:25.584Z] <<< [apiv2][status] GET https://cloudbilling.googleapis.com/v1/projects/team-kit-manager/billingInfo 200
[debug] [2026-02-07T10:53:25.584Z] <<< [apiv2][body] GET https://cloudbilling.googleapis.com/v1/projects/team-kit-manager/billingInfo {"name":"projects/team-kit-manager/billingInfo","projectId":"team-kit-manager","billingAccountName":"billingAccounts/019C11-CD5475-21F71D","billingEnabled":true}
[error] Failed to fetch Firebase Project from Studio Workspace because WORKSPACE_SLUG environment variable is empty
[debug] [2026-02-07T10:53:25.585Z] > command requires scopes: ["email","openid","https://www.googleapis.com/auth/cloudplatformprojects.readonly","https://www.googleapis.com/auth/firebase","https://www.googleapis.com/auth/cloud-platform","https://www.googleapis.com/auth/userinfo.email"]
[debug] [2026-02-07T10:53:25.585Z] > authorizing via signed-in user (prajithrnair@gmail.com)
[debug] [2026-02-07T10:53:25.629Z] <<< [apiv2][status] GET https://cloudbilling.googleapis.com/v1/projects/team-kit-manager/billingInfo 200
[debug] [2026-02-07T10:53:25.629Z] <<< [apiv2][body] GET https://cloudbilling.googleapis.com/v1/projects/team-kit-manager/billingInfo {"name":"projects/team-kit-manager/billingInfo","projectId":"team-kit-manager","billingAccountName":"billingAccounts/019C11-CD5475-21F71D","billingEnabled":true}
[error] Failed to fetch Firebase Project from Studio Workspace because WORKSPACE_SLUG environment variable is empty
[debug] [2026-02-07T10:53:25.630Z] > command requires scopes: ["email","openid","https://www.googleapis.com/auth/cloudplatformprojects.readonly","https://www.googleapis.com/auth/firebase","https://www.googleapis.com/auth/cloud-platform","https://www.googleapis.com/auth/userinfo.email"]
[debug] [2026-02-07T10:53:25.630Z] > authorizing via signed-in user (prajithrnair@gmail.com)
[error] Failed to fetch Firebase Project from Studio Workspace because WORKSPACE_SLUG environment variable is empty
[error] Failed to fetch Firebase Project from Studio Workspace because WORKSPACE_SLUG environment variable is empty
[error] Failed to fetch Firebase Project from Studio Workspace because WORKSPACE_SLUG environment variable is empty
[debug] [2026-02-07T10:53:46.523Z] > command requires scopes: ["email","openid","https://www.googleapis.com/auth/cloudplatformprojects.readonly","https://www.googleapis.com/auth/firebase","https://www.googleapis.com/auth/cloud-platform","https://www.googleapis.com/auth/userinfo.email"]
[debug] [2026-02-07T10:53:46.524Z] > authorizing via signed-in user (prajithrnair@gmail.com)
[debug] [2026-02-07T10:53:46.524Z] Checked if tokens are valid: true, expires at: 1770465202699
[debug] [2026-02-07T10:53:46.524Z] Checked if tokens are valid: true, expires at: 1770465202699
[debug] [2026-02-07T10:53:46.524Z] >>> [apiv2][query] GET https://cloudbilling.googleapis.com/v1/projects/team-kit-manager/billingInfo [none]
[debug] [2026-02-07T10:53:46.738Z] <<< [apiv2][status] GET https://cloudbilling.googleapis.com/v1/projects/team-kit-manager/billingInfo 200
[debug] [2026-02-07T10:53:46.738Z] <<< [apiv2][body] GET https://cloudbilling.googleapis.com/v1/projects/team-kit-manager/billingInfo {"name":"projects/team-kit-manager/billingInfo","projectId":"team-kit-manager","billingAccountName":"billingAccounts/019C11-CD5475-21F71D","billingEnabled":true}
[error] Failed to fetch Firebase Project from Studio Workspace because WORKSPACE_SLUG environment variable is empty
[debug] [2026-02-07T10:53:46.739Z] > command requires scopes: ["email","openid","https://www.googleapis.com/auth/cloudplatformprojects.readonly","https://www.googleapis.com/auth/firebase","https://www.googleapis.com/auth/cloud-platform","https://www.googleapis.com/auth/userinfo.email"]
[debug] [2026-02-07T10:53:46.739Z] > authorizing via signed-in user (prajithrnair@gmail.com)
[error] Failed to fetch Firebase Project from Studio Workspace because WORKSPACE_SLUG environment variable is empty
[error] Failed to fetch Firebase Project from Studio Workspace because WORKSPACE_SLUG environment variable is empty
[error] Failed to fetch Firebase Project from Studio Workspace because WORKSPACE_SLUG environment variable is empty
[error] Failed to fetch Firebase Project from Studio Workspace because WORKSPACE_SLUG environment variable is empty
[debug] [2026-02-07T10:53:46.755Z] > command requires scopes: ["email","openid","https://www.googleapis.com/auth/cloudplatformprojects.readonly","https://www.googleapis.com/auth/firebase","https://www.googleapis.com/auth/cloud-platform","https://www.googleapis.com/auth/userinfo.email"]
[debug] [2026-02-07T10:53:46.755Z] > authorizing via signed-in user (prajithrnair@gmail.com)
[debug] [2026-02-07T10:53:46.756Z] Checked if tokens are valid: true, expires at: 1770465202699
[debug] [2026-02-07T10:53:46.756Z] Checked if tokens are valid: true, expires at: 1770465202699
[debug] [2026-02-07T10:53:46.756Z] >>> [apiv2][query] GET https://cloudbilling.googleapis.com/v1/projects/team-kit-manager/billingInfo [none]
[error] Failed to fetch Firebase Project from Studio Workspace because WORKSPACE_SLUG environment variable is empty
[error] Failed to fetch Firebase Project from Studio Workspace because WORKSPACE_SLUG environment variable is empty
[debug] [2026-02-07T10:53:46.776Z] > command requires scopes: ["email","openid","https://www.googleapis.com/auth/cloudplatformprojects.readonly","https://www.googleapis.com/auth/firebase","https://www.googleapis.com/auth/cloud-platform","https://www.googleapis.com/auth/userinfo.email"]
[debug] [2026-02-07T10:53:46.776Z] > authorizing via signed-in user (prajithrnair@gmail.com)
[debug] [2026-02-07T10:53:46.777Z] Checked if tokens are valid: true, expires at: 1770465202699
[debug] [2026-02-07T10:53:46.777Z] Checked if tokens are valid: true, expires at: 1770465202699
[debug] [2026-02-07T10:53:46.777Z] >>> [apiv2][query] GET https://cloudbilling.googleapis.com/v1/projects/team-kit-manager/billingInfo [none]
[debug] [2026-02-07T10:53:46.909Z] <<< [apiv2][status] GET https://cloudbilling.googleapis.com/v1/projects/team-kit-manager/billingInfo 200
[debug] [2026-02-07T10:53:46.909Z] <<< [apiv2][body] GET https://cloudbilling.googleapis.com/v1/projects/team-kit-manager/billingInfo {"name":"projects/team-kit-manager/billingInfo","projectId":"team-kit-manager","billingAccountName":"billingAccounts/019C11-CD5475-21F71D","billingEnabled":true}
[error] Failed to fetch Firebase Project from Studio Workspace because WORKSPACE_SLUG environment variable is empty
[debug] [2026-02-07T10:53:46.913Z] > command requires scopes: ["email","openid","https://www.googleapis.com/auth/cloudplatformprojects.readonly","https://www.googleapis.com/auth/firebase","https://www.googleapis.com/auth/cloud-platform","https://www.googleapis.com/auth/userinfo.email"]
[debug] [2026-02-07T10:53:46.913Z] > authorizing via signed-in user (prajithrnair@gmail.com)
[debug] [2026-02-07T10:53:46.938Z] <<< [apiv2][status] GET https://cloudbilling.googleapis.com/v1/projects/team-kit-manager/billingInfo 200
[debug] [2026-02-07T10:53:46.938Z] <<< [apiv2][body] GET https://cloudbilling.googleapis.com/v1/projects/team-kit-manager/billingInfo {"name":"projects/team-kit-manager/billingInfo","projectId":"team-kit-manager","billingAccountName":"billingAccounts/019C11-CD5475-21F71D","billingEnabled":true}
[error] Failed to fetch Firebase Project from Studio Workspace because WORKSPACE_SLUG environment variable is empty
[debug] [2026-02-07T10:53:46.939Z] > command requires scopes: ["email","openid","https://www.googleapis.com/auth/cloudplatformprojects.readonly","https://www.googleapis.com/auth/firebase","https://www.googleapis.com/auth/cloud-platform","https://www.googleapis.com/auth/userinfo.email"]
[debug] [2026-02-07T10:53:46.939Z] > authorizing via signed-in user (prajithrnair@gmail.com)
